=== Variadic Forms Test ===

--- Creating multiple pairs ---
Created p1: {1 2}
Created p2: {3 4}
Created p3: {5 6}

--- Testing process_batch with variadic pairs ---
Batch processing complete
Result cast to :result successfully

--- Testing process_batch with single pair ---
Single pair batch complete

--- Testing process_batch with many pairs ---
Large batch processing complete

=== All variadic forms tests passed ===
