=== FS File Metadata Test ===

--- Test exists (non-existent) ---
File exists check (before): 0

--- Create file and test size ---
Wrote 38 bytes
File size: 38 bytes

--- Test exists (existing file) ---
File exists check (after): 1

--- Test size on closed file ---
File size (reopened): 38 bytes

--- Test rename ---
Renamed file
Old file exists: 0
New file exists: 1

--- Test remove ---
Removed file
File exists after remove: 0

=== All file metadata tests complete ===
