=== FS Path Edge Cases Test ===

--- Test join_path with empty strings ---
Join empty + file.txt: file.txt
Join dir + empty: dir/

--- Test join_path with single component (requires 2+) ---
Join single component (with dummy): file.txt/dummy

--- Test join_path with absolute and relative ---
Join absolute + relative: /usr/local
Join absolute + relative + relative: /usr/local/bin

--- Test join_path with . and .. components ---
Join with .: dir/./file.txt
Join with ..: dir/../parent/file.txt
Join absolute with ..: /usr/local/../bin

--- Test join_path with many empty components ---
Join with empty components: a/b/c/file.txt

=== All path edge case tests complete ===
