=== BRACE_LIST Type Round-Trip Test ===

--- Simple Brace Lists ---
Simple numeric brace list stored and retrieved
Simple symbol brace list stored and retrieved
Empty brace list stored and retrieved

--- Nested Brace Lists ---
Nested brace list 1 stored and retrieved
Nested brace list 2 stored and retrieved
Deeply nested brace list stored and retrieved

--- Mixed Type Brace Lists ---
Mixed type brace list stored and retrieved

--- Brace Lists as Sets ---
Brace list as keyset stored and retrieved

=== All brace list tests complete ===
