=== SYMBOL Type Round-Trip Test ===

--- Simple Symbols ---
Symbol stored and retrieved: hello
Symbol stored and retrieved: world
Symbol stored and retrieved: test-symbol

--- Various Symbol Names ---
Symbol with underscore stored and retrieved
Symbol with dash stored and retrieved
Symbol with plus stored and retrieved

--- Symbols in List ---
Symbol list stored and retrieved

=== All symbol tests complete ===
