=== ABERRANT Type Round-Trip Test ===

--- Simple Aberrant Values ---
Aberrant integer stored and retrieved
Aberrant string stored and retrieved
Aberrant symbol stored and retrieved

--- Nested Aberrant Values ---
Double-aberrant value stored and retrieved
Triple-aberrant value stored and retrieved

--- Aberrant with Lists ---
Aberrant list stored and retrieved
Aberrant nested list stored and retrieved

--- Aberrant in Lists ---
List of aberrant values stored and retrieved

--- Complex Aberrant Structure ---
Complex aberrant structure stored and retrieved

=== All aberrant tests complete ===
