=== BRACKET_LIST Type Round-Trip Test ===

--- Simple Bracket Lists ---
Simple numeric bracket list stored and retrieved
Simple symbol bracket list stored and retrieved
Empty bracket list stored and retrieved

--- Nested Bracket Lists ---
Nested bracket list 1 stored and retrieved
Nested bracket list 2 stored and retrieved
Deeply nested bracket list stored and retrieved

--- Mixed Type Bracket Lists ---
Mixed type bracket list stored and retrieved

--- Bracket Lists with Expressions ---
Bracket list with expressions stored and retrieved

=== All bracket list tests complete ===
