=== Basic Forms Test ===

--- Testing make_pair ---
Created pair p1
Cast p1 to :pair successfully

--- Testing sum_pair ---
Sum of p1: 30

--- Testing make_point ---
Created point pt1 (3.0, 4.0)
Created point pt2 (0.0, 0.0)

--- Testing distance ---
Distance from pt1 to pt2: 5.000000

--- Testing make_result ---
Created result form
Cast result1 to :result successfully

=== All basic forms tests passed ===
