=== Form Composition Test ===

--- Testing nested form structure ---
Created inner pair: {42 99}
Created nested form with pair and string
Cast nested form to :nested successfully

--- Testing form within result ---
Created data pair: {100 200}
Created result form

--- Testing multiple pairs in composition ---
Created two pairs
Created composite structure with two pairs

--- Testing point form composition ---
Created three points
Distance from origin to pt_a: 5.000000
Distance from origin to pt_b: 10.000000

=== All form composition tests passed ===
