=== FS Advanced Operations Test ===

--- Test append mode ---
Append mode: OK

--- Test read_bytes past EOF ---
Read past EOF: OK

--- Test read_bytes with 0 count ---
Read 0 bytes: OK

--- Test write after seek ---
Content after write+seek: ABXYEF

--- Test ls with multiple files ---
Directory contains 3 files
Removed test directory

--- Test join_path with many components ---
Joined 7 components: a/b/c/d/e/f/file.txt

--- Test mkdir on existing directory ---
mkdir on existing dir: OK

--- Test rename across directories ---
Renamed across directories: OK

--- Cleanup ---
Removed test file

=== All advanced operations tests complete ===
