=== FS Read Behavior Test ===

--- Create test file ---
Created file with 16 bytes

--- Test fs_read resets to beginning ---
Position after read: 16 (read resets to beginning)

--- Test read_bytes maintains position ---
Position after read_bytes(4): 4
Position after read_bytes(4) again: 8

--- Test read_bytes after seek ---
Read from position 10: OK

--- Test reading entire file after partial reads ---
Read entire file after partial reads: OK

--- Cleanup ---
Removed test file

=== All read behavior tests complete ===
