=== FS Seek Edge Cases Test ===

--- Create test file ---
Created file with 10 bytes

--- Test seek past EOF ---
Seek past EOF: position 100
Read past EOF: OK

--- Test seek backwards with SEEK_CUR ---
Seek backwards from 5: position 2
Read after backwards seek: OK

--- Test seek from end with negative offset ---
Seek -5 from end: position 5

--- Test invalid whence values ---
Invalid whence (3): OK
Invalid whence (-1): OK

--- Test seek to negative position with SEEK_SET ---
Seek to negative position: OK

--- Cleanup ---
Removed test file

=== All seek edge case tests complete ===
