=== FS Seek/Tell Test ===

--- Create test file ---
Created file with 16 bytes

--- Test tell (initial position) ---
Initial position: 0

--- Test seek SEEK_SET ---
Seek to position 5: 5
Current position: 5
Read 3 bytes: 567

--- Test seek SEEK_CUR ---
Seek forward 2 from current: 10
Current position: 10

--- Test seek SEEK_END ---
Seek to end: 16
Current position: 16

--- Cleanup ---
Removed test file

=== All seek/tell tests complete ===
