=== PAREN_LIST Type Round-Trip Test ===

--- Simple Paren Lists ---
Simple numeric list stored and retrieved
Simple symbol list stored and retrieved
Empty list stored and retrieved

--- Nested Paren Lists ---
Nested list 1 stored and retrieved
Nested list 2 stored and retrieved
Deeply nested list stored and retrieved

--- Mixed Type Paren Lists ---
Mixed type list stored and retrieved

--- Complex Paren List ---
Complex structured list stored and retrieved

=== All paren list tests complete ===
