=== Forge Concat Test ===

--- Basic Concat ---
Concatenated (1 2 3) and (4 5 6)

--- Concat with empty ---
Concatenated (1 2) with empty list

--- Concat empty with list ---
Concatenated empty list with (1 2)

--- Concat scalar and list ---
Concatenated scalar 1 with (2 3)

=== All concat tests complete ===

