=== Forge Drop Period Test ===

--- Drop every 2nd element starting at 0 ---
Drop period 2 from offset 0

--- Drop every 3rd element starting at 1 ---
Drop period 3 from offset 1

--- Drop with period 1 (all from offset) ---
Drop period 1 from offset 2 - removes all from offset onwards

--- Drop with offset beyond list ---
Drop with offset beyond list - no change

=== All drop_period tests complete ===

