=== Forge Resize Test ===

--- Growing a list ---
Resized (1 2 3 4 5) to size 10 with default 0

--- Shrinking a list ---
Resized (1 2 3 4 5 6 7 8 9 10) to size 3

--- Resize to same size ---
Resized (a b c) to size 3 - no change

--- Resize to zero ---
Resized (1 2 3) to size 0 - empty list

--- Resize with non-zero default ---
Resized (1 2) to size 5 with default 99

=== All resize tests complete ===
