=== Forge Visit Test ===

--- Visit all elements ---
Visited all elements, returned 0

--- Visit with early exit on integer ---
Visited with immediate exit, returned 1

--- Visit empty list ---
Visited empty list, returned 0

--- Visit with non-integer return ---
Visited with non-integer return - stopped immediately

=== All visit tests complete ===

