=== EDGE CASES Round-Trip Test ===

--- Empty Values ---
Empty string stored and retrieved
Empty paren list stored and retrieved
Empty bracket list stored and retrieved
Empty brace list stored and retrieved

--- Zero and Boundary Values ---
Zero integer: 0
Zero real: 0.000000
Negative zero: -0.000000
One: 1
Negative one: -1

--- Special String Characters ---
String with newline stored and retrieved
String with tab stored and retrieved
String with quote stored and retrieved
String with backslash stored and retrieved

--- Very Long List ---
Long list with 30 elements stored and retrieved

--- Deeply Nested Structure ---
10-level deep nested structure stored and retrieved

--- Single Character Symbol ---
Single character symbol stored and retrieved

--- Multiple Operators Stacked ---
Stacked operators stored and retrieved

--- List with Only One Element ---
Single element list stored and retrieved

--- Alternating Types in List ---
Alternating types list stored and retrieved

=== All edge case tests complete ===
