=== STRING Type Round-Trip Test ===

--- Simple Strings ---
hello: hello
bosley: bosley
world: world

--- Edge Case Strings ---
empty: ''
escaped: line1
line2	tabbed
special: special!@#$%^&*()

--- Long String ---
Long string: This is a much longer string that contains many words and characters to test the serialization and deserialization of longer text content

--- Strings in List ---
String list stored and retrieved

=== All string tests complete ===
