=== DATUM Type Round-Trip Test ===

--- Simple Datum ---
Datum integer stored and retrieved
Datum string stored and retrieved
Datum symbol stored and retrieved

--- Nested Datum ---
Double-datum value stored and retrieved
Triple-datum value stored and retrieved

--- Datum with Lists ---
Datum list stored and retrieved
Datum nested list stored and retrieved

--- Datum in Lists ---
List of datum values stored and retrieved

--- Complex Datum Structure ---
Complex datum structure stored and retrieved

=== All datum tests complete ===
