=== SOME/QUOTE Type Round-Trip Test ===

--- Simple Quotes ---
Quoted integer stored and retrieved
Quoted string stored and retrieved
Quoted symbol stored and retrieved

--- Nested Quotes ---
Double-quoted value stored and retrieved
Triple-quoted value stored and retrieved

--- Quoted Lists ---
Quoted list stored and retrieved
Quoted nested list stored and retrieved

--- Complex Quoted Structures ---
Complex quoted structure stored and retrieved

=== All quote/some tests complete ===
